AI Prompt Optimization Tool - Frontend Test Report
=================================================

Execution Time: 05/27/2025 17:27:28
Total Tests: 17
Passed: 16
Failed: 1
Success Rate: 94.1%
Execution Time: 57.2 seconds

See terminal output for detailed results.
